﻿
> agencyflow---project-management@0.0.0 build
> vite build

[36mvite v6.4.1 [32mbuilding for production...[36m[39m
transforming...
[32mÔ£ô[39m 235 modules transformed.
node.exe : [31mÔ£ù[39m Build failed in 445ms
In C:\Program Files\nodejs\npm.ps1:29 Zeichen:3
+   & $NODE_EXE $NPM_CLI_JS $args
+   ~~~~~~~~~~~~~~~~~~~~~~~~~~~~~
    + CategoryInfo          : NotSpecified: ([31mÔ£ù[39m Build failed in 445ms:String) [], RemoteExce 
   ption
    + FullyQualifiedErrorId : NativeCommandError
 
[31merror during build:
[31m[vite]: Rollup failed to resolve import "qrcode.react" from "D:/PX 
AgenturApp/PROJECT/CODE/2026/260226/ProjectFlow/components/Inventar/pages/ItemDetailPage.tsx".
This is most likely unintended because it can break your application at runtime.
If you do want to externalize this module explicitly add it to
`build.rollupOptions.external`[31m
    at viteLog (file:///D:/PX%20AgenturApp/PROJECT/CODE/2026/260226/ProjectFlow/node_modules/vite/dist/n
ode/chunks/dep-D4NMHUTW.js:46374:15)
    at file:///D:/PX%20AgenturApp/PROJECT/CODE/2026/260226/ProjectFlow/node_modules/vite/dist/node/chunk
s/dep-D4NMHUTW.js:46432:18
    at onwarn (file:///D:/PX%20AgenturApp/PROJECT/CODE/2026/260226/ProjectFlow/node_modules/@vitejs/plug
in-react/dist/index.js:76:7)
    at file:///D:/PX%20AgenturApp/PROJECT/CODE/2026/260226/ProjectFlow/node_modules/vite/dist/node/chunk
s/dep-D4NMHUTW.js:46430:7
    at onRollupLog (file:///D:/PX%20AgenturApp/PROJECT/CODE/2026/260226/ProjectFlow/node_modules/vite/di
st/node/chunks/dep-D4NMHUTW.js:46422:5)
    at onLog (file:///D:/PX%20AgenturApp/PROJECT/CODE/2026/260226/ProjectFlow/node_modules/vite/dist/nod
e/chunks/dep-D4NMHUTW.js:46072:7)
    at file:///D:/PX%20AgenturApp/PROJECT/CODE/2026/260226/ProjectFlow/node_modules/rollup/dist/es/share
d/node-entry.js:21081:32
    at Object.logger [as onLog] (file:///D:/PX%20AgenturApp/PROJECT/CODE/2026/260226/ProjectFlow/node_mo
dules/rollup/dist/es/shared/node-entry.js:22968:9)
    at ModuleLoader.handleInvalidResolvedId (file:///D:/PX%20AgenturApp/PROJECT/CODE/2026/260226/Project
Flow/node_modules/rollup/dist/es/shared/node-entry.js:21712:26)
    at file:///D:/PX%20AgenturApp/PROJECT/CODE/2026/260226/ProjectFlow/node_modules/rollup/dist/es/share
d/node-entry.js:21670:26[39m
